[backblue.gif]
[fade.gif]
[index.html]
[thepixelcurve.com/html/kidsmart/kidsmart/assets/images/favicon.png]
[thepixelcurve.com/html/kidsmart/kidsmart/assets/images/white-logo.png]
[thepixelcurve.com/html/kidsmart/kidsmart/assets/images/icons/support.png]
[thepixelcurve.com/html/kidsmart/kidsmart/assets/images/icons/user.png]
[thepixelcurve.com/html/kidsmart/kidsmart/assets/images/icons/bag.png]
[thepixelcurve.com/html/kidsmart/kidsmart/assets/images/products/product29.png]
[thepixelcurve.com/html/kidsmart/kidsmart/assets/images/products/product30.png]
[thepixelcurve.com/html/kidsmart/kidsmart/assets/images/products/product31.png]
[thepixelcurve.com/html/kidsmart/kidsmart/assets/images/logo.png]
[thepixelcurve.com/html/kidsmart/kidsmart/assets/images/icons/truck.png]
[thepixelcurve.com/html/kidsmart/kidsmart/assets/images/banner/banner1.png]
[thepixelcurve.com/html/kidsmart/kidsmart/assets/images/banner/banner-shape2.png]
[thepixelcurve.com/html/kidsmart/kidsmart/assets/images/banner/banner-shape3.png]
[thepixelcurve.com/html/kidsmart/kidsmart/assets/images/banner/banner2.png]
[thepixelcurve.com/html/kidsmart/kidsmart/assets/images/banner/banner3.png]
[thepixelcurve.com/html/kidsmart/kidsmart/assets/images/offer/offer1.png]
[thepixelcurve.com/html/kidsmart/kidsmart/assets/images/offer/offer-shape1.png]
[thepixelcurve.com/html/kidsmart/kidsmart/assets/images/offer/offer-shape2.png]
[thepixelcurve.com/html/kidsmart/kidsmart/assets/images/offer/offer2.png]
[thepixelcurve.com/html/kidsmart/kidsmart/assets/images/offer/offer3.png]
[thepixelcurve.com/html/kidsmart/kidsmart/assets/images/products/product1.jpg]
[thepixelcurve.com/html/kidsmart/kidsmart/assets/images/products/product2.jpg]
[thepixelcurve.com/html/kidsmart/kidsmart/assets/images/products/product3.jpg]
[thepixelcurve.com/html/kidsmart/kidsmart/assets/images/products/product4.jpg]
[thepixelcurve.com/html/kidsmart/kidsmart/assets/images/products/product5.jpg]
[thepixelcurve.com/html/kidsmart/kidsmart/assets/images/products/product6.jpg]
[thepixelcurve.com/html/kidsmart/kidsmart/assets/images/products/product7.jpg]
[thepixelcurve.com/html/kidsmart/kidsmart/assets/images/products/product8.jpg]
[thepixelcurve.com/html/kidsmart/kidsmart/assets/images/deals-of-this-week/text.png]
[thepixelcurve.com/html/kidsmart/kidsmart/assets/images/deals-of-this-week/dotw1.png]
[thepixelcurve.com/html/kidsmart/kidsmart/assets/images/deals-of-this-week/dotw2.png]
[thepixelcurve.com/html/kidsmart/kidsmart/assets/images/deals-of-this-week/dotw3.png]
[thepixelcurve.com/html/kidsmart/kidsmart/assets/images/categories/category1.png]
[thepixelcurve.com/html/kidsmart/kidsmart/assets/images/categories/category2.png]
[thepixelcurve.com/html/kidsmart/kidsmart/assets/images/categories/category3.png]
[thepixelcurve.com/html/kidsmart/kidsmart/assets/images/categories/category4.png]
[thepixelcurve.com/html/kidsmart/kidsmart/assets/images/categories/category5.png]
[thepixelcurve.com/html/kidsmart/kidsmart/assets/images/categories/category6.png]
[thepixelcurve.com/html/kidsmart/kidsmart/assets/images/discount/discount1.png]
[thepixelcurve.com/html/kidsmart/kidsmart/assets/images/discount/discount-shape1.png]
[thepixelcurve.com/html/kidsmart/kidsmart/assets/images/discount/discount-shape2.png]
[thepixelcurve.com/html/kidsmart/kidsmart/assets/images/discount/discount-shape3.png]
[thepixelcurve.com/html/kidsmart/kidsmart/assets/images/best-offers-this-week/botw1.jpg]
[thepixelcurve.com/html/kidsmart/kidsmart/assets/images/best-offers-this-week/botw2.jpg]
[thepixelcurve.com/html/kidsmart/kidsmart/assets/images/products/product9.jpg]
[thepixelcurve.com/html/kidsmart/kidsmart/assets/images/products/product10.jpg]
[thepixelcurve.com/html/kidsmart/kidsmart/assets/images/products/product11.jpg]
[thepixelcurve.com/html/kidsmart/kidsmart/assets/images/products/product12.jpg]
[thepixelcurve.com/html/kidsmart/kidsmart/assets/images/products/product13.jpg]
[thepixelcurve.com/html/kidsmart/kidsmart/assets/images/products/product14.jpg]
[thepixelcurve.com/html/kidsmart/kidsmart/assets/images/brands/brand1.png]
[thepixelcurve.com/html/kidsmart/kidsmart/assets/images/brands/brand2.png]
[thepixelcurve.com/html/kidsmart/kidsmart/assets/images/brands/brand3.png]
[thepixelcurve.com/html/kidsmart/kidsmart/assets/images/brands/brand4.png]
[thepixelcurve.com/html/kidsmart/kidsmart/assets/images/icons/icon1.png]
[thepixelcurve.com/html/kidsmart/kidsmart/assets/images/icons/icon2.png]
[thepixelcurve.com/html/kidsmart/kidsmart/assets/images/icons/icon3.png]
[thepixelcurve.com/html/kidsmart/kidsmart/assets/images/icons/icon4.png]
[thepixelcurve.com/html/kidsmart/kidsmart/assets/images/payment-methods/visa-electron.png]
[thepixelcurve.com/html/kidsmart/kidsmart/assets/images/payment-methods/visa.png]
[thepixelcurve.com/html/kidsmart/kidsmart/assets/images/payment-methods/master-card.png]
[thepixelcurve.com/html/kidsmart/kidsmart/assets/images/payment-methods/american-express.png]
[thepixelcurve.com/html/kidsmart/kidsmart/assets/images/products/product-details.jpg]
[thepixelcurve.com/html/kidsmart/kidsmart/assets/js/jquery.min.js]
[thepixelcurve.com/html/kidsmart/kidsmart/assets/js/bootstrap.bundle.min.js]
[thepixelcurve.com/html/kidsmart/kidsmart/assets/js/jquery-ui.min.js]
[thepixelcurve.com/html/kidsmart/kidsmart/assets/js/mixitup.min.js]
[thepixelcurve.com/html/kidsmart/kidsmart/assets/js/meanmenu.min.js]
[thepixelcurve.com/html/kidsmart/kidsmart/assets/js/scrollCue.min.js]
[thepixelcurve.com/html/kidsmart/kidsmart/assets/js/owl.carousel.min.js]
[thepixelcurve.com/html/kidsmart/kidsmart/assets/js/slick.min.js]
[thepixelcurve.com/html/kidsmart/kidsmart/assets/js/main.js]
[thepixelcurve.com/html/kidsmart/kidsmart/index.html]
[thepixelcurve.com/html/kidsmart/kidsmart/assets/css/bootstrap.min.css]
[thepixelcurve.com/html/kidsmart/kidsmart/assets/css/jquery-ui.min.css]
[thepixelcurve.com/html/kidsmart/kidsmart/assets/css/owl.carousel.min.css]
[thepixelcurve.com/html/kidsmart/kidsmart/assets/css/owl.theme.default.min.css]
[thepixelcurve.com/html/kidsmart/kidsmart/assets/css/scrollCue.min.css]
[thepixelcurve.com/html/kidsmart/kidsmart/assets/css/meanmenu.min.css]
[thepixelcurve.com/html/kidsmart/kidsmart/assets/css/slick.css]
[thepixelcurve.com/html/kidsmart/kidsmart/assets/webfonts/fa-brands-400.woff2]
[thepixelcurve.com/html/kidsmart/kidsmart/assets/webfonts/fa-brands-400.ttf]
[thepixelcurve.com/html/kidsmart/kidsmart/assets/webfonts/fa-regular-400.woff2]
[thepixelcurve.com/html/kidsmart/kidsmart/assets/webfonts/fa-regular-400.ttf]
[thepixelcurve.com/html/kidsmart/kidsmart/assets/webfonts/fa-solid-900.woff2]
[thepixelcurve.com/html/kidsmart/kidsmart/assets/webfonts/fa-solid-900.ttf]
[thepixelcurve.com/html/kidsmart/kidsmart/assets/webfonts/fa-v4compatibility.woff2]
[thepixelcurve.com/html/kidsmart/kidsmart/assets/webfonts/fa-v4compatibility.ttf]
[thepixelcurve.com/html/kidsmart/kidsmart/assets/css/all.min.css]
[thepixelcurve.com/html/kidsmart/kidsmart/assets/images/double-border.png]
[thepixelcurve.com/html/kidsmart/kidsmart/assets/images/banner/banner-bg1.jpg]
[thepixelcurve.com/html/kidsmart/kidsmart/assets/images/banner/banner-shape1.png]
[thepixelcurve.com/html/kidsmart/kidsmart/assets/images/banner/banner-bg2.jpg]
[thepixelcurve.com/html/kidsmart/kidsmart/assets/images/banner/banner-shape4.png]
[thepixelcurve.com/html/kidsmart/kidsmart/assets/images/banner/banner-bg3.jpg]
[thepixelcurve.com/html/kidsmart/kidsmart/assets/images/banner/banner-bg5.jpg]
[thepixelcurve.com/html/kidsmart/kidsmart/assets/images/banner/banner-bg6.jpg]
[thepixelcurve.com/html/kidsmart/kidsmart/assets/images/banner/banner-shape5.png]
[thepixelcurve.com/html/kidsmart/kidsmart/assets/images/banner/banner-bg7.jpg]
[thepixelcurve.com/html/kidsmart/kidsmart/assets/images/featured-products-bg.jpg]
[thepixelcurve.com/html/kidsmart/kidsmart/assets/images/deals-of-this-week/dotw-bg.jpg]
[thepixelcurve.com/html/kidsmart/kidsmart/assets/images/offer/offer-bg1.jpg]
[thepixelcurve.com/html/kidsmart/kidsmart/assets/images/offer/offer-bg2.jpg]
[thepixelcurve.com/html/kidsmart/kidsmart/assets/images/cta/cta-bg.jpg]
[thepixelcurve.com/html/kidsmart/kidsmart/assets/images/deals-of-this-week/dotw-bg2.jpg]
[thepixelcurve.com/html/kidsmart/kidsmart/assets/images/quotes-bg.jpg]
[thepixelcurve.com/html/kidsmart/kidsmart/assets/images/banner/banner-bg4.jpg]
[thepixelcurve.com/html/kidsmart/kidsmart/assets/images/page-title-bg.jpg]
[thepixelcurve.com/html/kidsmart/kidsmart/assets/images/feedback-bg.jpg]
[thepixelcurve.com/html/kidsmart/kidsmart/assets/images/footer-bg.jpg]
[thepixelcurve.com/html/kidsmart/kidsmart/assets/css/style.css]
[thepixelcurve.com/html/kidsmart/kidsmart/assets/css/responsive.css]
[thepixelcurve.com/html/kidsmart/kidsmart/profile-authentication.html]
[thepixelcurve.com/html/kidsmart/kidsmart/assets/images/user.jpg]
[thepixelcurve.com/html/kidsmart/kidsmart/product-details.html]
[thepixelcurve.com/html/kidsmart/kidsmart/assets/images/icons/support2.png]
[thepixelcurve.com/html/kidsmart/kidsmart/assets/images/icons/user2.png]
[thepixelcurve.com/html/kidsmart/kidsmart/assets/images/icons/bag2.png]
[thepixelcurve.com/html/kidsmart/kidsmart/assets/images/banner/banner4.png]
[thepixelcurve.com/html/kidsmart/kidsmart/assets/images/browse-by-age/bba-shape.png]
[thepixelcurve.com/html/kidsmart/kidsmart/assets/images/browse-by-age/bba1.jpg]
[thepixelcurve.com/html/kidsmart/kidsmart/assets/images/browse-by-age/bba2.jpg]
[thepixelcurve.com/html/kidsmart/kidsmart/assets/images/browse-by-age/bba3.jpg]
[thepixelcurve.com/html/kidsmart/kidsmart/assets/images/browse-by-age/bba4.jpg]
[thepixelcurve.com/html/kidsmart/kidsmart/assets/images/offer/offer5.jpg]
[thepixelcurve.com/html/kidsmart/kidsmart/assets/images/offer/offer6.jpg]
[thepixelcurve.com/html/kidsmart/kidsmart/assets/images/products/product15.jpg]
[thepixelcurve.com/html/kidsmart/kidsmart/assets/images/products/product16.jpg]
[thepixelcurve.com/html/kidsmart/kidsmart/assets/images/products/product17.jpg]
[thepixelcurve.com/html/kidsmart/kidsmart/assets/images/products/product18.jpg]
[thepixelcurve.com/html/kidsmart/kidsmart/assets/images/products/product19.jpg]
[thepixelcurve.com/html/kidsmart/kidsmart/assets/images/products/product20.jpg]
[thepixelcurve.com/html/kidsmart/kidsmart/assets/images/products/product21.jpg]
[thepixelcurve.com/html/kidsmart/kidsmart/assets/images/products/product22.jpg]
[thepixelcurve.com/html/kidsmart/kidsmart/assets/images/categories/category7.png]
[thepixelcurve.com/html/kidsmart/kidsmart/assets/images/categories/category8.png]
[thepixelcurve.com/html/kidsmart/kidsmart/assets/images/categories/category9.png]
[thepixelcurve.com/html/kidsmart/kidsmart/assets/images/categories/category10.png]
[thepixelcurve.com/html/kidsmart/kidsmart/assets/images/categories/category11.png]
[thepixelcurve.com/html/kidsmart/kidsmart/assets/images/categories/category12.png]
[thepixelcurve.com/html/kidsmart/kidsmart/assets/images/offer/offer4.jpg]
[thepixelcurve.com/html/kidsmart/kidsmart/assets/images/icons/icon5.png]
[thepixelcurve.com/html/kidsmart/kidsmart/index-2.html]
[thepixelcurve.com/html/kidsmart/kidsmart/assets/images/banner/text.png]
[thepixelcurve.com/html/kidsmart/kidsmart/assets/images/banner/banner5.png]
[thepixelcurve.com/html/kidsmart/kidsmart/assets/images/offer/offer7.jpg]
[thepixelcurve.com/html/kidsmart/kidsmart/assets/images/offer/offer8.jpg]
[thepixelcurve.com/html/kidsmart/kidsmart/assets/images/deals-of-this-week/happy-girl.png]
[thepixelcurve.com/html/kidsmart/kidsmart/assets/images/deals-of-this-week/text2.png]
[thepixelcurve.com/html/kidsmart/kidsmart/assets/images/deals-of-this-week/dress.png]
[thepixelcurve.com/html/kidsmart/kidsmart/assets/images/products/product26.jpg]
[thepixelcurve.com/html/kidsmart/kidsmart/assets/images/products/product27.jpg]
[thepixelcurve.com/html/kidsmart/kidsmart/assets/images/products/product28.jpg]
[thepixelcurve.com/html/kidsmart/kidsmart/assets/images/products/product23.jpg]
[thepixelcurve.com/html/kidsmart/kidsmart/assets/images/products/product24.jpg]
[thepixelcurve.com/html/kidsmart/kidsmart/assets/images/products/product25.jpg]
[thepixelcurve.com/html/kidsmart/kidsmart/index-3.html]
[thepixelcurve.com/html/kidsmart/kidsmart/assets/images/banner/banner6.png]
[thepixelcurve.com/html/kidsmart/kidsmart/assets/images/banner/banner7.png]
[thepixelcurve.com/html/kidsmart/kidsmart/assets/images/banner/circle.png]
[thepixelcurve.com/html/kidsmart/kidsmart/assets/images/shapes/shape1.png]
[thepixelcurve.com/html/kidsmart/kidsmart/assets/images/shapes/shape2.png]
[thepixelcurve.com/html/kidsmart/kidsmart/assets/images/shapes/shape3.png]
[thepixelcurve.com/html/kidsmart/kidsmart/assets/images/shapes/shape4.png]
[thepixelcurve.com/html/kidsmart/kidsmart/assets/images/shapes/shape5.png]
[thepixelcurve.com/html/kidsmart/kidsmart/assets/images/categories/category13.jpg]
[thepixelcurve.com/html/kidsmart/kidsmart/assets/images/categories/category14.jpg]
[thepixelcurve.com/html/kidsmart/kidsmart/assets/images/categories/category15.jpg]
[thepixelcurve.com/html/kidsmart/kidsmart/assets/images/categories/category16.jpg]
[thepixelcurve.com/html/kidsmart/kidsmart/assets/images/deals-of-the-day/dotd1.png]
[thepixelcurve.com/html/kidsmart/kidsmart/assets/images/deals-of-the-day/dotd2.png]
[thepixelcurve.com/html/kidsmart/kidsmart/assets/images/best-offers-this-week/botw3.jpg]
[thepixelcurve.com/html/kidsmart/kidsmart/assets/images/quote.png]
[thepixelcurve.com/html/kidsmart/kidsmart/assets/images/cloud.png]
[thepixelcurve.com/html/kidsmart/kidsmart/index-4.html]
[thepixelcurve.com/html/kidsmart/kidsmart/assets/images/banner/banner8.png]
[thepixelcurve.com/html/kidsmart/kidsmart/assets/images/banner/banner9.png]
[thepixelcurve.com/html/kidsmart/kidsmart/assets/images/icons/icon6.png]
[thepixelcurve.com/html/kidsmart/kidsmart/assets/images/icons/icon7.png]
[thepixelcurve.com/html/kidsmart/kidsmart/assets/images/icons/icon8.png]
[thepixelcurve.com/html/kidsmart/kidsmart/assets/images/categories/category17.jpg]
[thepixelcurve.com/html/kidsmart/kidsmart/assets/images/categories/category18.jpg]
[thepixelcurve.com/html/kidsmart/kidsmart/assets/images/offer/offer9.jpg]
[thepixelcurve.com/html/kidsmart/kidsmart/assets/images/offer/offer10.jpg]
[thepixelcurve.com/html/kidsmart/kidsmart/assets/images/best-offers-this-week/botw4.jpg]
[thepixelcurve.com/html/kidsmart/kidsmart/assets/images/best-offers-this-week/botw5.jpg]
[thepixelcurve.com/html/kidsmart/kidsmart/assets/images/products/product32.png]
[thepixelcurve.com/html/kidsmart/kidsmart/assets/images/products/product33.png]
[thepixelcurve.com/html/kidsmart/kidsmart/assets/images/products/product34.png]
[thepixelcurve.com/html/kidsmart/kidsmart/assets/images/products/product35.png]
[thepixelcurve.com/html/kidsmart/kidsmart/assets/images/products/product36.png]
[thepixelcurve.com/html/kidsmart/kidsmart/index-5.html]
[thepixelcurve.com/html/kidsmart/kidsmart/assets/images/banner/banner10.jpg]
[thepixelcurve.com/html/kidsmart/kidsmart/assets/images/shapes/shape6.png]
[thepixelcurve.com/html/kidsmart/kidsmart/assets/images/shapes/shape7.png]
[thepixelcurve.com/html/kidsmart/kidsmart/assets/images/shapes/shape8.png]
[thepixelcurve.com/html/kidsmart/kidsmart/assets/images/shapes/shape9.png]
[thepixelcurve.com/html/kidsmart/kidsmart/assets/images/banner/banner11.jpg]
[thepixelcurve.com/html/kidsmart/kidsmart/assets/images/banner/banner12.jpg]
[thepixelcurve.com/html/kidsmart/kidsmart/assets/images/banner/banner13.jpg]
[thepixelcurve.com/html/kidsmart/kidsmart/assets/images/cta/cta1.png]
[thepixelcurve.com/html/kidsmart/kidsmart/assets/images/cta/cta2.png]
[thepixelcurve.com/html/kidsmart/kidsmart/index-6.html]
[thepixelcurve.com/html/kidsmart/kidsmart/shop-grid.html]
[thepixelcurve.com/html/kidsmart/kidsmart/assets/images/border-shape.png]
[thepixelcurve.com/html/kidsmart/kidsmart/assets/images/about.jpg]
[thepixelcurve.com/html/kidsmart/kidsmart/assets/images/cloud2.png]
[thepixelcurve.com/html/kidsmart/kidsmart/assets/images/icons/icon12.png]
[thepixelcurve.com/html/kidsmart/kidsmart/assets/images/icons/icon13.png]
[thepixelcurve.com/html/kidsmart/kidsmart/assets/images/beach-ball.png]
[thepixelcurve.com/html/kidsmart/kidsmart/assets/images/abc-block.png]
[thepixelcurve.com/html/kidsmart/kidsmart/assets/images/jigsaw.png]
[thepixelcurve.com/html/kidsmart/kidsmart/assets/images/duck.png]
[thepixelcurve.com/html/kidsmart/kidsmart/assets/images/big-cloud.png]
[thepixelcurve.com/html/kidsmart/kidsmart/assets/images/teams/border.png]
[thepixelcurve.com/html/kidsmart/kidsmart/assets/images/teams/member1.jpg]
[thepixelcurve.com/html/kidsmart/kidsmart/assets/images/teams/member2.jpg]
[thepixelcurve.com/html/kidsmart/kidsmart/assets/images/teams/member3.jpg]
[thepixelcurve.com/html/kidsmart/kidsmart/assets/images/teams/member4.jpg]
[thepixelcurve.com/html/kidsmart/kidsmart/about.html]
[thepixelcurve.com/html/kidsmart/kidsmart/forgot-password.html]
[thepixelcurve.com/html/kidsmart/kidsmart/shop-list.html]
[thepixelcurve.com/html/kidsmart/kidsmart/shop-grid-left-sidebar.html]
[thepixelcurve.com/html/kidsmart/kidsmart/shop-list-left-sidebar.html]
[thepixelcurve.com/html/kidsmart/kidsmart/shop-grid-right-sidebar.html]
[thepixelcurve.com/html/kidsmart/kidsmart/shop-list-right-sidebar.html]
[thepixelcurve.com/html/kidsmart/kidsmart/assets/images/blogs/blog1.jpg]
[thepixelcurve.com/html/kidsmart/kidsmart/assets/images/blogs/blog2.jpg]
[thepixelcurve.com/html/kidsmart/kidsmart/assets/images/blogs/blog3.jpg]
[thepixelcurve.com/html/kidsmart/kidsmart/assets/images/blogs/blog4.jpg]
[thepixelcurve.com/html/kidsmart/kidsmart/assets/images/blogs/blog5.jpg]
[thepixelcurve.com/html/kidsmart/kidsmart/blog.html]
[thepixelcurve.com/html/kidsmart/kidsmart/assets/images/left-quote.png]
[thepixelcurve.com/html/kidsmart/kidsmart/assets/images/blogs/blog6.jpg]
[thepixelcurve.com/html/kidsmart/kidsmart/assets/images/blogs/blog7.jpg]
[thepixelcurve.com/html/kidsmart/kidsmart/blog-details.html]
[thepixelcurve.com/html/kidsmart/kidsmart/assets/images/icons/icon9.png]
[thepixelcurve.com/html/kidsmart/kidsmart/assets/images/icons/icon10.png]
[thepixelcurve.com/html/kidsmart/kidsmart/assets/images/icons/icon11.png]
[thepixelcurve.com/html/kidsmart/kidsmart/contact.html]
[thepixelcurve.com/html/kidsmart/kidsmart/assets/css/images/ui-icons_444444_256x240.html]
[thepixelcurve.com/html/kidsmart/kidsmart/assets/css/images/ui-icons_555555_256x240.html]
[thepixelcurve.com/html/kidsmart/kidsmart/assets/css/images/ui-icons_ffffff_256x240.html]
[thepixelcurve.com/html/kidsmart/kidsmart/assets/css/images/ui-icons_777620_256x240.html]
[thepixelcurve.com/html/kidsmart/kidsmart/assets/css/images/ui-icons_cc0000_256x240.html]
[thepixelcurve.com/html/kidsmart/kidsmart/assets/css/images/ui-icons_777777_256x240.html]
[thepixelcurve.com/html/kidsmart/kidsmart/assets/css/owl.video.play.html]
